\BOOKMARK [1][-]{section.1}{\376\377\000I\000n\000t\000r\000o\000d\000u\000c\000t\000i\000o\000n}{}% 1
\BOOKMARK [1][-]{section.2}{\376\377\000S\000t\000y\000l\000i\000z\000e\000d\000\040\000F\000a\000c\000t\000s\000:\000\040\000T\000h\000e\000\040\000S\000t\000r\000a\000i\000t\000\040\000o\000f\000\040\000H\000o\000r\000m\000u\000z\000\040\000a\000s\000\040\000a\000\040\000G\000l\000o\000b\000a\000l\000\040\000C\000h\000o\000k\000e\000p\000o\000i\000n\000t}{}% 2
\BOOKMARK [1][-]{section.3}{\376\377\000T\000h\000e\000\040\000M\000o\000d\000e\000l}{}% 3
\BOOKMARK [2][-]{subsection.3.1}{\376\377\000R\000e\000g\000i\000o\000n\000a\000l\000\040\000E\000q\000u\000i\000l\000i\000b\000r\000i\000u\000m}{section.3}% 4
\BOOKMARK [3][-]{subsubsection.3.1.1}{\376\377\000N\000e\000w\000\040\000K\000e\000y\000n\000e\000s\000i\000a\000n\000\040\000P\000h\000i\000l\000l\000i\000p\000s\000\040\000C\000u\000r\000v\000e}{subsection.3.1}% 5
\BOOKMARK [3][-]{subsubsection.3.1.2}{\376\377\000I\000S\000\040\000C\000u\000r\000v\000e\000\040\000w\000i\000t\000h\000\040\000F\000i\000n\000a\000n\000c\000i\000a\000l\000\040\000C\000o\000n\000d\000i\000t\000i\000o\000n\000s}{subsection.3.1}% 6
\BOOKMARK [3][-]{subsubsection.3.1.3}{\376\377\000T\000a\000y\000l\000o\000r\000\040\000R\000u\000l\000e}{subsection.3.1}% 7
\BOOKMARK [2][-]{subsection.3.2}{\376\377\000G\000l\000o\000b\000a\000l\000\040\000O\000i\000l\000\040\000M\000a\000r\000k\000e\000t}{section.3}% 8
\BOOKMARK [2][-]{subsection.3.3}{\376\377\000F\000i\000n\000a\000n\000c\000i\000a\000l\000\040\000C\000h\000a\000n\000n\000e\000l\000s}{section.3}% 9
\BOOKMARK [3][-]{subsubsection.3.3.1}{\376\377\000S\000o\000v\000e\000r\000e\000i\000g\000n\000\040\000R\000i\000s\000k\000\040\000P\000r\000e\000m\000i\000u\000m}{subsection.3.3}% 10
\BOOKMARK [3][-]{subsubsection.3.3.2}{\376\377\000C\000a\000p\000i\000t\000a\000l\000\040\000F\000l\000o\000w\000s}{subsection.3.3}% 11
\BOOKMARK [3][-]{subsubsection.3.3.3}{\376\377\000E\000q\000u\000i\000t\000y\000\040\000M\000a\000r\000k\000e\000t\000s}{subsection.3.3}% 12
\BOOKMARK [3][-]{subsubsection.3.3.4}{\376\377\000R\000e\000a\000l\000\040\000E\000x\000c\000h\000a\000n\000g\000e\000\040\000R\000a\000t\000e}{subsection.3.3}% 13
\BOOKMARK [3][-]{subsubsection.3.3.5}{\376\377\000F\000i\000n\000a\000n\000c\000i\000a\000l\000\040\000C\000o\000n\000t\000a\000g\000i\000o\000n}{subsection.3.3}% 14
\BOOKMARK [2][-]{subsection.3.4}{\376\377\000C\000h\000i\000n\000a\000'\000s\000\040\000T\000r\000i\000p\000l\000e\000\040\000S\000t\000a\000b\000i\000l\000i\000z\000a\000t\000i\000o\000n\000\040\000M\000e\000c\000h\000a\000n\000i\000s\000m}{section.3}% 15
\BOOKMARK [1][-]{section.4}{\376\377\000C\000a\000l\000i\000b\000r\000a\000t\000i\000o\000n}{}% 16
\BOOKMARK [2][-]{subsection.4.1}{\376\377\000R\000e\000g\000i\000o\000n\000a\000l\000\040\000P\000a\000r\000a\000m\000e\000t\000e\000r\000s}{section.4}% 17
\BOOKMARK [2][-]{subsection.4.2}{\376\377\000W\000a\000r\000\040\000S\000h\000o\000c\000k\000\040\000C\000a\000l\000i\000b\000r\000a\000t\000i\000o\000n}{section.4}% 18
\BOOKMARK [2][-]{subsection.4.3}{\376\377\000F\000i\000n\000a\000n\000c\000i\000a\000l\000\040\000L\000i\000n\000k\000a\000g\000e\000\040\000M\000a\000t\000r\000i\000x}{section.4}% 19
\BOOKMARK [1][-]{section.5}{\376\377\000R\000e\000s\000u\000l\000t\000s\000:\000\040\000F\000i\000n\000a\000n\000c\000i\000a\000l\000\040\000F\000r\000i\000c\000t\000i\000o\000n\000s\000\040\000D\000o\000m\000i\000n\000a\000t\000e\000,\000\040\000M\000o\000n\000e\000t\000a\000r\000y\000\040\000P\000o\000l\000i\000c\000y\000\040\000C\000a\000n\000n\000o\000t\000\040\000C\000o\000m\000p\000e\000n\000s\000a\000t\000e}{}% 20
\BOOKMARK [2][-]{subsection.5.1}{\376\377\000B\000a\000s\000e\000l\000i\000n\000e\000\040\000I\000m\000p\000u\000l\000s\000e\000\040\000R\000e\000s\000p\000o\000n\000s\000e\000s\000:\000\040\000S\000t\000a\000g\000f\000l\000a\000t\000i\000o\000n\000\040\000i\000n\000\040\000I\000r\000a\000n\000,\000\040\000R\000i\000s\000k\000-\000O\000f\000f\000\040\000G\000l\000o\000b\000a\000l\000l\000y}{section.5}% 21
\BOOKMARK [2][-]{subsection.5.2}{\376\377\000T\000h\000e\000\040\000E\000n\000e\000r\000g\000y\000\040\000P\000r\000i\000c\000e\000\040\000C\000h\000a\000n\000n\000e\000l\000\040\000D\000o\000m\000i\000n\000a\000t\000e\000s\000\040\000B\000i\000l\000a\000t\000e\000r\000a\000l\000\040\000T\000r\000a\000d\000e}{section.5}% 22
\BOOKMARK [2][-]{subsection.5.3}{\376\377\000F\000i\000n\000a\000n\000c\000i\000a\000l\000\040\000C\000o\000n\000t\000a\000g\000i\000o\000n\000\040\000A\000m\000p\000l\000i\000f\000i\000e\000s\000\040\000T\000h\000i\000r\000d\000-\000C\000o\000u\000n\000t\000r\000y\000\040\000L\000o\000s\000s\000e\000s\000\040\000b\000y\000\040\0003\000.\0004\0005\000x}{section.5}% 23
\BOOKMARK [2][-]{subsection.5.4}{\376\377\000C\000h\000i\000n\000a\000'\000s\000\040\000S\000t\000a\000b\000i\000l\000i\000z\000a\000t\000i\000o\000n\000\040\000R\000o\000l\000e}{section.5}% 24
\BOOKMARK [2][-]{subsection.5.5}{\376\377\000W\000a\000r\000\040\000S\000e\000v\000e\000r\000i\000t\000y\000\040\000S\000c\000e\000n\000a\000r\000i\000o\000s\000:\000\040\000C\000o\000n\000c\000a\000v\000e\000\040\000G\000l\000o\000b\000a\000l\000\040\000L\000o\000s\000s\000e\000s}{section.5}% 25
\BOOKMARK [2][-]{subsection.5.6}{\376\377\000W\000e\000l\000f\000a\000r\000e\000:\000\040\000M\000i\000l\000i\000t\000a\000r\000y\000\040\000G\000D\000P\000\040\000G\000a\000i\000n\000s\000\040\000M\000a\000s\000k\000\040\000C\000o\000n\000s\000u\000m\000p\000t\000i\000o\000n\000\040\000L\000o\000s\000s\000e\000s}{section.5}% 26
\BOOKMARK [1][-]{section.6}{\376\377\000R\000o\000b\000u\000s\000t\000n\000e\000s\000s\000\040\000a\000n\000d\000\040\000E\000x\000t\000e\000n\000s\000i\000o\000n\000s}{}% 27
\BOOKMARK [2][-]{subsection.6.1}{\376\377\000H\000i\000g\000h\000e\000r\000-\000O\000r\000d\000e\000r\000\040\000P\000e\000r\000t\000u\000r\000b\000a\000t\000i\000o\000n\000:\000\040\000Q\000u\000a\000n\000t\000i\000f\000y\000i\000n\000g\000\040\000L\000i\000n\000e\000a\000r\000i\000z\000a\000t\000i\000o\000n\000\040\000B\000i\000a\000s}{section.6}% 28
\BOOKMARK [2][-]{subsection.6.2}{\376\377\000E\000n\000d\000o\000g\000e\000n\000o\000u\000s\000\040\000S\000t\000a\000b\000i\000l\000i\000z\000a\000t\000i\000o\000n\000\040\000R\000u\000l\000e\000s}{section.6}% 29
\BOOKMARK [2][-]{subsection.6.3}{\376\377\000E\000m\000p\000i\000r\000i\000c\000a\000l\000\040\000E\000s\000t\000i\000m\000a\000t\000i\000o\000n\000\040\000o\000f\000\040\000t\000h\000e\000\040\000F\000i\000n\000a\000n\000c\000i\000a\000l\000\040\000L\000i\000n\000k\000a\000g\000e\000\040\000M\000a\000t\000r\000i\000x}{section.6}% 30
\BOOKMARK [2][-]{subsection.6.4}{\376\377\000P\000o\000l\000i\000c\000y\000\040\000C\000o\000u\000n\000t\000e\000r\000f\000a\000c\000t\000u\000a\000l\000s}{section.6}% 31
\BOOKMARK [1][-]{section.7}{\376\377\000C\000o\000n\000c\000l\000u\000s\000i\000o\000n}{}% 32
\BOOKMARK [1][-]{section*.55}{\376\377\000A\000p\000p\000e\000n\000d\000i\000x}{}% 33
